exports[`<NotFound /> renders the not found component 1`] = `
<h2
  className="bhiNsp">
  Not Found!
</h2>
`;
